Archive member included to satisfy reference by file (symbol)

c:/program files (x86)/atmel/studio/7.0/toolchain/avr8/avr8-gnu-toolchain/bin/../lib/gcc/avr/5.4.0/../../../../avr/lib/avr5\libm.a(addsf3.o)
                              Sketch.o (__subsf3)
c:/program files (x86)/atmel/studio/7.0/toolchain/avr8/avr8-gnu-toolchain/bin/../lib/gcc/avr/5.4.0/../../../../avr/lib/avr5\libm.a(addsf3x.o)
                              c:/program files (x86)/atmel/studio/7.0/toolchain/avr8/avr8-gnu-toolchain/bin/../lib/gcc/avr/5.4.0/../../../../avr/lib/avr5\libm.a(addsf3.o) (__addsf3x)
c:/program files (x86)/atmel/studio/7.0/toolchain/avr8/avr8-gnu-toolchain/bin/../lib/gcc/avr/5.4.0/../../../../avr/lib/avr5\libm.a(atan2.o)
                              Sketch.o (atan2)
c:/program files (x86)/atmel/studio/7.0/toolchain/avr8/avr8-gnu-toolchain/bin/../lib/gcc/avr/5.4.0/../../../../avr/lib/avr5\libm.a(atan.o)
                              c:/program files (x86)/atmel/studio/7.0/toolchain/avr8/avr8-gnu-toolchain/bin/../lib/gcc/avr/5.4.0/../../../../avr/lib/avr5\libm.a(atan2.o) (atan)
c:/program files (x86)/atmel/studio/7.0/toolchain/avr8/avr8-gnu-toolchain/bin/../lib/gcc/avr/5.4.0/../../../../avr/lib/avr5\libm.a(cmpsf2.o)
                              Sketch.o (__ltsf2)
c:/program files (x86)/atmel/studio/7.0/toolchain/avr8/avr8-gnu-toolchain/bin/../lib/gcc/avr/5.4.0/../../../../avr/lib/avr5\libm.a(divsf3.o)
                              Sketch.o (__divsf3)
c:/program files (x86)/atmel/studio/7.0/toolchain/avr8/avr8-gnu-toolchain/bin/../lib/gcc/avr/5.4.0/../../../../avr/lib/avr5\libm.a(divsf3x.o)
                              c:/program files (x86)/atmel/studio/7.0/toolchain/avr8/avr8-gnu-toolchain/bin/../lib/gcc/avr/5.4.0/../../../../avr/lib/avr5\libm.a(divsf3.o) (__divsf3x)
c:/program files (x86)/atmel/studio/7.0/toolchain/avr8/avr8-gnu-toolchain/bin/../lib/gcc/avr/5.4.0/../../../../avr/lib/avr5\libm.a(fixsfsi.o)
                              Sketch.o (__fixsfsi)
c:/program files (x86)/atmel/studio/7.0/toolchain/avr8/avr8-gnu-toolchain/bin/../lib/gcc/avr/5.4.0/../../../../avr/lib/avr5\libm.a(fixunssfsi.o)
                              c:/program files (x86)/atmel/studio/7.0/toolchain/avr8/avr8-gnu-toolchain/bin/../lib/gcc/avr/5.4.0/../../../../avr/lib/avr5\libm.a(fixsfsi.o) (__fixunssfsi)
c:/program files (x86)/atmel/studio/7.0/toolchain/avr8/avr8-gnu-toolchain/bin/../lib/gcc/avr/5.4.0/../../../../avr/lib/avr5\libm.a(floatsisf.o)
                              Sketch.o (__floatunsisf)
c:/program files (x86)/atmel/studio/7.0/toolchain/avr8/avr8-gnu-toolchain/bin/../lib/gcc/avr/5.4.0/../../../../avr/lib/avr5\libm.a(fp_cmp.o)
                              c:/program files (x86)/atmel/studio/7.0/toolchain/avr8/avr8-gnu-toolchain/bin/../lib/gcc/avr/5.4.0/../../../../avr/lib/avr5\libm.a(cmpsf2.o) (__fp_cmp)
c:/program files (x86)/atmel/studio/7.0/toolchain/avr8/avr8-gnu-toolchain/bin/../lib/gcc/avr/5.4.0/../../../../avr/lib/avr5\libm.a(fp_inf.o)
                              c:/program files (x86)/atmel/studio/7.0/toolchain/avr8/avr8-gnu-toolchain/bin/../lib/gcc/avr/5.4.0/../../../../avr/lib/avr5\libm.a(addsf3x.o) (__fp_inf)
c:/program files (x86)/atmel/studio/7.0/toolchain/avr8/avr8-gnu-toolchain/bin/../lib/gcc/avr/5.4.0/../../../../avr/lib/avr5\libm.a(fp_nan.o)
                              c:/program files (x86)/atmel/studio/7.0/toolchain/avr8/avr8-gnu-toolchain/bin/../lib/gcc/avr/5.4.0/../../../../avr/lib/avr5\libm.a(addsf3x.o) (__fp_nan)
c:/program files (x86)/atmel/studio/7.0/toolchain/avr8/avr8-gnu-toolchain/bin/../lib/gcc/avr/5.4.0/../../../../avr/lib/avr5\libm.a(fp_powser.o)
                              c:/program files (x86)/atmel/studio/7.0/toolchain/avr8/avr8-gnu-toolchain/bin/../lib/gcc/avr/5.4.0/../../../../avr/lib/avr5\libm.a(atan.o) (__fp_powser)
c:/program files (x86)/atmel/studio/7.0/toolchain/avr8/avr8-gnu-toolchain/bin/../lib/gcc/avr/5.4.0/../../../../avr/lib/avr5\libm.a(fp_pscA.o)
                              c:/program files (x86)/atmel/studio/7.0/toolchain/avr8/avr8-gnu-toolchain/bin/../lib/gcc/avr/5.4.0/../../../../avr/lib/avr5\libm.a(addsf3x.o) (__fp_pscA)
c:/program files (x86)/atmel/studio/7.0/toolchain/avr8/avr8-gnu-toolchain/bin/../lib/gcc/avr/5.4.0/../../../../avr/lib/avr5\libm.a(fp_pscB.o)
                              c:/program files (x86)/atmel/studio/7.0/toolchain/avr8/avr8-gnu-toolchain/bin/../lib/gcc/avr/5.4.0/../../../../avr/lib/avr5\libm.a(addsf3x.o) (__fp_pscB)
c:/program files (x86)/atmel/studio/7.0/toolchain/avr8/avr8-gnu-toolchain/bin/../lib/gcc/avr/5.4.0/../../../../avr/lib/avr5\libm.a(fp_round.o)
                              c:/program files (x86)/atmel/studio/7.0/toolchain/avr8/avr8-gnu-toolchain/bin/../lib/gcc/avr/5.4.0/../../../../avr/lib/avr5\libm.a(addsf3.o) (__fp_round)
c:/program files (x86)/atmel/studio/7.0/toolchain/avr8/avr8-gnu-toolchain/bin/../lib/gcc/avr/5.4.0/../../../../avr/lib/avr5\libm.a(fp_split3.o)
[...]
Memory Configuration

Name             Origin             Length             Attributes
text             0x00000000         0x00020000         xr
data             0x00800060         0x0000ffa0         rw !x
eeprom           0x00810000         0x00010000         rw !x
fuse             0x00820000         0x00000003         rw !x
lock             0x00830000         0x00000400         rw !x
signature        0x00840000         0x00000400         rw !x
user_signatures  0x00850000         0x00000400         rw !x
*default*        0x00000000         0xffffffff

Linker script and memory map

Address of section .data set to 0x800100
LOAD C:/Program Files (x86)/Atmel/Studio/7.0/Packs/atmel/ATmega_DFP/1.2.132/gcc/dev/atmega328p/avr5/crtatmega328p.o
LOAD Sketch.o
START GROUP
LOAD c:/program files (x86)/atmel/studio/7.0/toolchain/avr8/avr8-gnu-toolchain/bin/../lib/gcc/avr/5.4.0/../../../../avr/lib/avr5\libm.a
LOAD C:\Users\willy\DOCUME~1\ATMELS~1\7.0\QUADCO~1\QUADCO~1\QUADCO~1\ARDUIN~1\Debug\libArduinoCore.a
END GROUP
LOAD c:/program files (x86)/atmel/studio/7.0/toolchain/avr8/avr8-gnu-toolchain/bin/../lib/gcc/avr/5.4.0/avr5\libgcc.a
LOAD c:/program files (x86)/atmel/studio/7.0/toolchain/avr8/avr8-gnu-toolchain/bin/../lib/gcc/avr/5.4.0/../../../../avr/lib/avr5\libm.a
START GROUP
LOAD c:/program files (x86)/atmel/studio/7.0/toolchain/avr8/avr8-gnu-toolchain/bin/../lib/gcc/avr/5.4.0/avr5\libgcc.a
LOAD c:/program files (x86)/atmel/studio/7.0/toolchain/avr8/avr8-gnu-toolchain/bin/../lib/gcc/avr/5.4.0/../../../../avr/lib/avr5\libm.a
LOAD c:/program files (x86)/atmel/studio/7.0/toolchain/avr8/avr8-gnu-toolchain/bin/../lib/gcc/avr/5.4.0/../../../../avr/lib/avr5\libc.a
LOAD C:/Program Files (x86)/Atmel/Studio/7.0/Packs/atmel/ATmega_DFP/1.2.132/gcc/dev/atmega328p/avr5\libatmega328p.a
END GROUP
                0x00020000                __TEXT_REGION_LENGTH__ = DEFINED (__TEXT_REGION_LENGTH__)?__TEXT_REGION_LENGTH__:0x20000
                0x0000ffa0                __DATA_REGION_LENGTH__ = DEFINED (__DATA_REGION_LENGTH__)?__DATA_REGION_LENGTH__:0xffa0
                0x00010000                __EEPROM_REGION_LENGTH__ = DEFINED (__EEPROM_REGION_LENGTH__)?__EEPROM_REGION_LENGTH__:0x10000
                [0x00000003]                __FUSE_REGION_LENGTH__ = DEFINED (__FUSE_REGION_LENGTH__)?__FUSE_REGION_LENGTH__:0x400
                0x00000400                __LOCK_REGION_LENGTH__ = DEFINED (__LOCK_REGION_LENGTH__)?__LOCK_REGION_LENGTH__:0x400
                0x00000400                __SIGNATURE_REGION_LENGTH__ = DEFINED (__SIGNATURE_REGION_LENGTH__)?__SIGNATURE_REGION_LENGTH__:0x400
                0x00000400                __USER_SIGNATURE_REGION_LENGTH__ = DEFINED (__USER_SIGNATURE_REGION_LENGTH__)?__USER_SIGNATURE_REGION_LENGTH__:0x400

.hash
 *(.hash)

.dynsym
 *(.dynsym)

.dynstr
 *(.dynstr)

.gnu.version
 *(.gnu.version)

.gnu.version_d
 *(.gnu.version_d)

.gnu.version_r
 *(.gnu.version_r)

.rel.init
 *(.rel.init)

.rela.init
 *(.rela.init)

.rel.text
 *(.rel.text)
 *(.rel.text.*)
 *(.rel.gnu.linkonce.t*)

.rela.text
 *(.rela.text)
 *(.rela.text.*)
 *(.rela.gnu.linkonce.t*)

.rel.fini
 *(.rel.fini)

.rela.fini
 *(.rela.fini)

.rel.rodata
 *(.rel.rodata)
 *(.rel.rodata.*)
 *(.rel.gnu.linkonce.r*)

.rela.rodata
 *(.rela.rodata)
 *(.rela.rodata.*)
 *(.rela.gnu.linkonce.r*)

.rel.data
 *(.rel.data)
 *(.rel.data.*)
 *(.rel.gnu.linkonce.d*)

.rela.data
 *(.rela.data)
 *(.rela.data.*)
 *(.rela.gnu.linkonce.d*)

.rel.ctors
 *(.rel.ctors)

.rela.ctors
 *(.rela.ctors)

.rel.dtors
 *(.rel.dtors)

.rela.dtors
 *(.rela.dtors)

.rel.got
 *(.rel.got)

.rela.got
 *(.rela.got)

.rel.bss
 *(.rel.bss)

.rela.bss
 *(.rela.bss)

.rel.plt
 *(.rel.plt)

.rela.plt
 *(.rela.plt)

.text           0x00000000     0x3868
 *(.vectors)
 .vectors       0x00000000       0x68 C:/Program Files (x86)/Atmel/Studio/7.0/Packs/atmel/ATmega_DFP/1.2.132/gcc/dev/atmega328p/avr5/crtatmega328p.o
                0x00000000                __vector_default
                0x00000000                __vectors
 *(.vectors)
 *(.progmem.gcc*)
 .progmem.gcc_fplib
                0x00000068       0x2d c:/program files (x86)/atmel/studio/7.0/toolchain/avr8/avr8-gnu-toolchain/bin/../lib/gcc/avr/5.4.0/../../../../avr/lib/avr5\libm.a(atan.o)
                0x00000096                . = ALIGN (0x2)
 *fill*         0x00000095        0x1 
                0x00000096                __trampolines_start = .
 *(.trampolines)
 .trampolines   0x00000096        0x0 linker stubs
 *(.trampolines*)
                0x00000096                __trampolines_end = .
 *libprintf_flt.a:*(.progmem.data)
 *libc.a:*(.progmem.data)
 *(.progmem*)
 .progmem.data.digital_pin_to_timer_PGM
                0x00000096       0x14 C:\Users\willy\DOCUME~1\ATMELS~1\7.0\QUADCO~1\QUADCO~1\QUADCO~1\ARDUIN~1\Debug\libArduinoCore.a(wiring_digital.o)
                0x00000096                digital_pin_to_timer_PGM
 .progmem.data.digital_pin_to_bit_mask_PGM
                0x000000aa       0x14 C:\Users\willy\DOCUME~1\ATMELS~1\7.0\QUADCO~1\QUADCO~1\QUADCO~1\ARDUIN~1\Debug\libArduinoCore.a(wiring_digital.o)
                0x000000aa                digital_pin_to_bit_mask_PGM
 .progmem.data.digital_pin_to_port_PGM
                0x000000be       0x14 C:\Users\willy\DOCUME~1\ATMELS~1\7.0\QUADCO~1\QUADCO~1\QUADCO~1\ARDUIN~1\Debug\libArduinoCore.a(wiring_digital.o)
                0x000000be                digital_pin_to_port_PGM
 .progmem.data.port_to_input_PGM
                0x000000d2        0xa C:\Users\willy\DOCUME~1\ATMELS~1\7.0\QUADCO~1\QUADCO~1\QUADCO~1\ARDUIN~1\Debug\libArduinoCore.a(wiring_digital.o)
                0x000000d2                port_to_input_PGM
 .progmem.data.port_to_output_PGM
                0x000000dc        0xa C:\Users\willy\DOCUME~1\ATMELS~1\7.0\QUADCO~1\QUADCO~1\QUADCO~1\ARDUIN~1\Debug\libArduinoCore.a(wiring_digital.o)
                0x000000dc                port_to_output_PGM
 .progmem.data.port_to_mode_PGM
                0x000000e6        0xa C:\Users\willy\DOCUME~1\ATMELS~1\7.0\QUADCO~1\QUADCO~1\QUADCO~1\ARDUIN~1\Debug\libArduinoCore.a(wiring_digital.o)
                0x000000e6                port_to_mode_PGM
                0x000000f0                . = ALIGN (0x2)
 *(.jumptables)
 *(.jumptables*)
 *(.lowtext)
 *(.lowtext*)
                0x000000f0                __ctors_start = .
 *(.ctors)
 .ctors         0x000000f0        0x2 Sketch.o
 .ctors         0x000000f2        0x2 C:\Users\willy\DOCUME~1\ATMELS~1\7.0\QUADCO~1\QUADCO~1\QUADCO~1\ARDUIN~1\Debug\libArduinoCore.a(HardwareSerial0.o)
 .ctors         0x000000f4        0x2 C:\Users\willy\DOCUME~1\ATMELS~1\7.0\QUADCO~1\QUADCO~1\QUADCO~1\ARDUIN~1\Debug\libArduinoCore.a(Wire.o)
                0x000000f6                __ctors_end = .
                0x000000f6                __dtors_start = .
 *(.dtors)
                0x000000f6                __dtors_end = .
 SORT(*)(.ctors)
 SORT(*)(.dtors)
 *(.init0)
 .init0         0x000000f6        0x0 C:/Program Files (x86)/Atmel/Studio/7.0/Packs/atmel/ATmega_DFP/1.2.132/gcc/dev/atmega328p/avr5/crtatmega328p.o
                0x000000f6                __init
 *(.init0)
 *(.init1)
 *(.init1)
 *(.init2)
 .init2         0x000000f6        0xc C:/Program Files (x86)/Atmel/Studio/7.0/Packs/atmel/ATmega_DFP/1.2.132/gcc/dev/atmega328p/avr5/crtatmega328p.o
 *(.init2)
 *(.init3)
 *(.init3)
 *(.init4)
 .init4         0x00000102       0x16 c:/program files (x86)/atmel/studio/7.0/toolchain/avr8/avr8-gnu-toolchain/bin/../lib/gcc/avr/5.4.0/avr5\libgcc.a(_copy_data.o)
                0x00000102                __do_copy_data
 .init4         0x00000118       0x10 c:/program files (x86)/atmel/studio/7.0/toolchain/avr8/avr8-gnu-toolchain/bin/../lib/gcc/avr/5.4.0/avr5\libgcc.a(_clear_bss.o)
                0x00000118                __do_clear_bss
 *(.init4)
 *(.init5)
 *(.init5)
 *(.init6)
 .init6         0x00000128       0x16 c:/program files (x86)/atmel/studio/7.0/toolchain/avr8/avr8-gnu-toolchain/bin/../lib/gcc/avr/5.4.0/avr5\libgcc.a(_ctors.o)
                0x00000128                __do_global_ctors
 *(.init6)
 *(.init7)
 *(.init7)
 *(.init8)
 *(.init8)
 *(.init9)
 .init9         0x0000013e        0x8 C:/Program Files (x86)/Atmel/Studio/7.0/Packs/atmel/ATmega_DFP/1.2.132/gcc/dev/atmega328p/avr5/crtatmega328p.o
 *(.init9)
 *(.text)
 .text          0x00000146        0x4 C:/Program Files (x86)/Atmel/Studio/7.0/Packs/atmel/ATmega_DFP/1.2.132/gcc/dev/atmega328p/avr5/crtatmega328p.o
                0x00000146                __vector_22
                0x00000146                __vector_1
                0x00000146                __vector_12
                0x00000146                __bad_interrupt
                0x00000146                __vector_6
                0x00000146                __vector_23
                0x00000146                __vector_25
                0x00000146                __vector_13
                0x00000146                __vector_17
                0x00000146                __vector_7
                0x00000146                __vector_5
                0x00000146                __vector_4
                0x00000146                __vector_9
                0x00000146                __vector_2
                0x00000146                __vector_21
                0x00000146                __vector_15
                0x00000146                __vector_8
                0x00000146                __vector_14
                0x00000146                __vector_10
                0x00000146                __vector_20
                0x0000014a                . = ALIGN (0x2)
 *(.text.*)
 .text._ZN7TwoWire5writeEi
                0x0000014a        0xe Sketch.o
                0x0000014a                _ZN7TwoWire5writeEi
 .text.__vector_3
                0x00000158      0x172 Sketch.o
                0x00000158                __vector_3
 .text._Z12MotorControlifff
                0x000002ca      0x164 Sketch.o
                0x000002ca                _Z12MotorControlifff
 .text._Z13printPIDGainsv
                0x0000042e      0x12c Sketch.o
                0x0000042e                _Z13printPIDGainsv
 .text._Z8ResetPIDv
                0x0000055a       0x82 Sketch.o
                0x0000055a                _Z8ResetPIDv
 .text._Z13calculate_pidv
                0x000005dc      0x5a0 Sketch.o
                0x000005dc                _Z13calculate_pidv
 .text.startup._GLOBAL__sub_I_rotationThreshold
                0x00000b7c       0x90 Sketch.o
 .text._Z16WriteAccRegisterhh
                0x00000c0c       0x34 Sketch.o
                0x00000c0c                _Z16WriteAccRegisterhh
 .text._Z12init_Compassv
                0x00000c40       0x10 Sketch.o
                0x00000c40                _Z12init_Compassv
 .text._Z11checkSerialv
                0x00000c50      0x214 Sketch.o
                0x00000c50                _Z11checkSerialv
 .text._Z13gyro_signalenv
                0x00000e64      0x1b2 Sketch.o
                0x00000e64                _Z13gyro_signalenv
 .text.setup    0x00001016      0x2ea Sketch.o
                0x00001016                setup
 .text._Z7ReadAccv
                0x00001300      0x13c Sketch.o
                0x00001300                _Z7ReadAccv
 .text._Z17get_AccelerometerPfS_
                0x0000143c      0x220 Sketch.o
                0x0000143c                _Z17get_AccelerometerPfS_
 .text.loop     0x0000165c      0x6a8 Sketch.o
                0x0000165c                loop
 .text.avr-libc.fplib
                0x00001d04        0xe c:/program files (x86)/atmel/studio/7.0/toolchain/avr8/avr8-gnu-toolchain/bin/../lib/gcc/avr/5.4.0/../../../../avr/lib/avr5\libm.a(addsf3.o)
                0x00001d04                __subsf3
                0x00001d06                __addsf3
 .text.avr-libc.fplib
                0x00001d12       0xcc c:/program files (x86)/atmel/studio/7.0/toolchain/avr8/avr8-gnu-toolchain/bin/../lib/gcc/avr/5.4.0/../../../../avr/lib/avr5\libm.a(addsf3x.o)
                0x00001d34                __addsf3x
 .text.avr-libc.fplib
                0x00001dde       0x86 c:/program files (x86)/atmel/studio/7.0/toolchain/avr8/avr8-gnu-toolchain/bin/../lib/gcc/avr/5.4.0/../../../../avr/lib/avr5\libm.a(atan2.o)
                0x00001e04                atan2
 .text.avr-libc.fplib
                0x00001e64       0x5e c:/program files (x86)/atmel/studio/7.0/toolchain/avr8/avr8-gnu-toolchain/bin/../lib/gcc/avr/5.4.0/../../../../avr/lib/avr5\libm.a(atan.o)
                0x00001e64                atan
 .text.avr-libc.fplib
                0x00001ec2        0xa c:/program files (x86)/atmel/studio/7.0/toolchain/avr8/avr8-gnu-toolchain/bin/../lib/gcc/avr/5.4.0/../../../../avr/lib/avr5\libm.a(cmpsf2.o)
                0x00001ec2                __nesf2
                0x00001ec2                __eqsf2
                0x00001ec2                __cmpsf2
                0x00001ec2                __ltsf2
                0x00001ec2                __lesf2
 .text.avr-libc.fplib
                0x00001ecc        0x8 c:/program files (x86)/atmel/studio/7.0/toolchain/avr8/avr8-gnu-toolchain/bin/../lib/gcc/avr/5.4.0/../../../../avr/lib/avr5\libm.a(divsf3.o)
                0x00001ecc                __divsf3
 .text.avr-libc.fplib
                0x00001ed4       0xdc c:/program files (x86)/atmel/studio/7.0/toolchain/avr8/avr8-gnu-toolchain/bin/../lib/gcc/avr/5.4.0/../../../../avr/lib/avr5\libm.a(divsf3x.o)
                0x00001ef4                __divsf3x
                0x00001efa                __divsf3_pse
 .text.avr-libc.fplib
                0x00001fb0        0xe c:/program files (x86)/atmel/studio/7.0/toolchain/avr8/avr8-gnu-toolchain/bin/../lib/gcc/avr/5.4.0/../../../../avr/lib/avr5\libm.a(fixsfsi.o)
                0x00001fb0                __fixsfsi
 .text.avr-libc.fplib
                0x00001fbe       0x5e c:/program files (x86)/atmel/studio/7.0/toolchain/avr8/avr8-gnu-toolchain/bin/../lib/gcc/avr/5.4.0/../../../../avr/lib/avr5\libm.a(fixunssfsi.o)
                0x00001fbe                __fixunssfsi
 .text.avr-libc.fplib
                0x0000201c       0x7a c:/program files (x86)/atmel/studio/7.0/toolchain/avr8/avr8-gnu-toolchain/bin/../lib/gcc/avr/5.4.0/../../../../avr/lib/avr5\libm.a(floatsisf.o)
                0x0000201c                __floatunsisf
                0x00002020                __floatsisf
 .text.avr-libc.fplib
                0x00002096       0x48 c:/program files (x86)/atmel/studio/7.0/toolchain/avr8/avr8-gnu-toolchain/bin/../lib/gcc/avr/5.4.0/../../../../avr/lib/avr5\libm.a(fp_cmp.o)
                0x00002096                __fp_cmp
 .text.avr-libc.fplib
                0x000020de        0xc c:/program files (x86)/atmel/studio/7.0/toolchain/avr8/avr8-gnu-toolchain/bin/../lib/gcc/avr/5.4.0/../../../../avr/lib/avr5\libm.a(fp_inf.o)
                0x000020de                __fp_inf
 .text.avr-libc.fplib
                0x000020ea        0x6 c:/program files (x86)/atmel/studio/7.0/toolchain/avr8/avr8-gnu-toolchain/bin/../lib/gcc/avr/5.4.0/../../../../avr/lib/avr5\libm.a(fp_nan.o)
                0x000020ea                __fp_nan
 .text.avr-libc.fplib
                0x000020f0       0x4e c:/program files (x86)/atmel/studio/7.0/toolchain/avr8/avr8-gnu-toolchain/bin/../lib/gcc/avr/5.4.0/../../../../avr/lib/avr5\libm.a(fp_powser.o)
                0x000020f0                __fp_powser
 .text.avr-libc.fplib
                0x0000213e        0xe c:/program files (x86)/atmel/studio/7.0/toolchain/avr8/avr8-gnu-toolchain/bin/../lib/gcc/avr/5.4.0/../../../../avr/lib/avr5\libm.a(fp_pscA.o)
                0x0000213e                __fp_pscA
 .text.avr-libc.fplib
                0x0000214c        0xe c:/program files (x86)/atmel/studio/7.0/toolchain/avr8/avr8-gnu-toolchain/bin/../lib/gcc/avr/5.4.0/../../../../avr/lib/avr5\libm.a(fp_pscB.o)
                0x0000214c                __fp_pscB
 .text.avr-libc.fplib
                0x0000215a       0x22 c:/program files (x86)/atmel/studio/7.0/toolchain/avr8/avr8-gnu-toolchain/bin/../lib/gcc/avr/5.4.0/../../../../avr/lib/avr5\libm.a(fp_round.o)
                0x0000215a                __fp_round
 .text.avr-libc.fplib
                0x0000217c       0x44 c:/program files (x86)/atmel/studio/7.0/toolchain/avr8/avr8-gnu-toolchain/bin/../lib/gcc/avr/5.4.0/../../../../avr/lib/avr5\libm.a(fp_split3.o)
                0x0000217c                __fp_split3
                0x0000218c                __fp_splitA
 .text.avr-libc.fplib
                0x000021c0        0xe c:/program files (x86)/atmel/studio/7.0/toolchain/avr8/avr8-gnu-toolchain/bin/../lib/gcc/avr/5.4.0/../../../../avr/lib/avr5\libm.a(fp_zero.o)
                0x000021c0                __fp_zero
                0x000021c2                __fp_szero
 .text.avr-libc.fplib
                0x000021ce        0xa c:/program files (x86)/atmel/studio/7.0/toolchain/avr8/avr8-gnu-toolchain/bin/../lib/gcc/avr/5.4.0/../../../../avr/lib/avr5\libm.a(gesf2.o)
                0x000021ce                __gesf2
                0x000021ce                __gtsf2
 .text.avr-libc.fplib
                0x000021d8       0x10 c:/program files (x86)/atmel/studio/7.0/toolchain/avr8/avr8-gnu-toolchain/bin/../lib/gcc/avr/5.4.0/../../../../avr/lib/avr5\libm.a(inverse.o)
                0x000021d8                inverse
 .text.avr-libc.fplib
                0x000021e8        0x8 c:/program files (x86)/atmel/studio/7.0/toolchain/avr8/avr8-gnu-toolchain/bin/../lib/gcc/avr/5.4.0/../../../../avr/lib/avr5\libm.a(mulsf3.o)
                0x000021e8                __mulsf3
 .text.avr-libc.fplib
                0x000021f0       0xd2 c:/program files (x86)/atmel/studio/7.0/toolchain/avr8/avr8-gnu-toolchain/bin/../lib/gcc/avr/5.4.0/../../../../avr/lib/avr5\libm.a(mulsf3x.o)
                0x0000220e                __mulsf3x
                0x00002214                __mulsf3_pse
 .text.avr-libc.fplib
                0x000022c2        0x8 c:/program files (x86)/atmel/studio/7.0/toolchain/avr8/avr8-gnu-toolchain/bin/../lib/gcc/avr/5.4.0/../../../../avr/lib/avr5\libm.a(square.o)
                0x000022c2                square
 .text._ZN14HardwareSerial9availableEv
                0x000022ca       0x18 C:\Users\willy\DOCUME~1\ATMELS~1\7.0\QUADCO~1\QUADCO~1\QUADCO~1\ARDUIN~1\Debug\libArduinoCore.a(HardwareSerial.o)
                0x000022ca                _ZN14HardwareSerial9availableEv
 .text._ZN14HardwareSerial4peekEv
                0x000022e2       0x1c C:\Users\willy\DOCUME~1\ATMELS~1\7.0\QUADCO~1\QUADCO~1\QUADCO~1\ARDUIN~1\Debug\libArduinoCore.a(HardwareSerial.o)
                0x000022e2                _ZN14HardwareSerial4peekEv
 .text._ZN14HardwareSerial4readEv
                0x000022fe       0x28 C:\Users\willy\DOCUME~1\ATMELS~1\7.0\QUADCO~1\QUADCO~1\QUADCO~1\ARDUIN~1\Debug\libArduinoCore.a(HardwareSerial.o)
                0x000022fe                _ZN14HardwareSerial4readEv
 .text._Z14serialEventRunv
                0x00002326       0x1c C:\Users\willy\DOCUME~1\ATMELS~1\7.0\QUADCO~1\QUADCO~1\QUADCO~1\ARDUIN~1\Debug\libArduinoCore.a(HardwareSerial.o)
                0x00002326                _Z14serialEventRunv
 .text._ZN14HardwareSerial17_tx_udr_empty_irqEv
                0x00002342       0x42 C:\Users\willy\DOCUME~1\ATMELS~1\7.0\QUADCO~1\QUADCO~1\QUADCO~1\ARDUIN~1\Debug\libArduinoCore.a(HardwareSerial.o)
                0x00002342                _ZN14HardwareSerial17_tx_udr_empty_irqEv
 .text._ZN14HardwareSerial5writeEh
                0x00002384       0x8e C:\Users\willy\DOCUME~1\ATMELS~1\7.0\QUADCO~1\QUADCO~1\QUADCO~1\ARDUIN~1\Debug\libArduinoCore.a(HardwareSerial.o)
                0x00002384                _ZN14HardwareSerial5writeEh
 .text._ZN14HardwareSerial5flushEv
                0x00002412       0x44 C:\Users\willy\DOCUME~1\ATMELS~1\7.0\QUADCO~1\QUADCO~1\QUADCO~1\ARDUIN~1\Debug\libArduinoCore.a(HardwareSerial.o)
                0x00002412                _ZN14HardwareSerial5flushEv
 .text._ZN14HardwareSerial5beginEmh
                0x00002456       0xca C:\Users\willy\DOCUME~1\ATMELS~1\7.0\QUADCO~1\QUADCO~1\QUADCO~1\ARDUIN~1\Debug\libArduinoCore.a(HardwareSerial.o)
                0x00002456                _ZN14HardwareSerial5beginEmh
 .text.__vector_18
                0x00002520       0x64 C:\Users\willy\DOCUME~1\ATMELS~1\7.0\QUADCO~1\QUADCO~1\QUADCO~1\ARDUIN~1\Debug\libArduinoCore.a(HardwareSerial0.o)
                0x00002520                __vector_18
 .text.__vector_19
                0x00002584       0x4c C:\Users\willy\DOCUME~1\ATMELS~1\7.0\QUADCO~1\QUADCO~1\QUADCO~1\ARDUIN~1\Debug\libArduinoCore.a(HardwareSerial0.o)
                0x00002584                __vector_19
 .text._Z17Serial0_availablev
                0x000025d0       0x14 C:\Users\willy\DOCUME~1\ATMELS~1\7.0\QUADCO~1\QUADCO~1\QUADCO~1\ARDUIN~1\Debug\libArduinoCore.a(HardwareSerial0.o)
                0x000025d0                _Z17Serial0_availablev
 .text.startup._GLOBAL__sub_I___vector_18
                0x000025e4       0x5a C:\Users\willy\DOCUME~1\ATMELS~1\7.0\QUADCO~1\QUADCO~1\QUADCO~1\ARDUIN~1\Debug\libArduinoCore.a(HardwareSerial0.o)
 .text.initVariant
                0x0000263e        0x2 C:\Users\willy\DOCUME~1\ATMELS~1\7.0\QUADCO~1\QUADCO~1\QUADCO~1\ARDUIN~1\Debug\libArduinoCore.a(main.o)
                0x0000263e                initVariant
 .text.startup.main
                0x00002640       0x1e C:\Users\willy\DOCUME~1\ATMELS~1\7.0\QUADCO~1\QUADCO~1\QUADCO~1\ARDUIN~1\Debug\libArduinoCore.a(main.o)
                0x00002640                main
 .text._ZN5Print5writeEPKhj
                0x0000265e       0x54 C:\Users\willy\DOCUME~1\ATMELS~1\7.0\QUADCO~1\QUADCO~1\QUADCO~1\ARDUIN~1\Debug\libArduinoCore.a(Print.o)
                0x0000265e                _ZN5Print5writeEPKhj
 .text._ZN5Print5writeEPKc
                0x000026b2       0x2a C:\Users\willy\DOCUME~1\ATMELS~1\7.0\QUADCO~1\QUADCO~1\QUADCO~1\ARDUIN~1\Debug\libArduinoCore.a(Print.o)
                0x000026b2                _ZN5Print5writeEPKc
 .text._ZN5Print5printEPKc
                0x000026dc        0x4 C:\Users\willy\DOCUME~1\ATMELS~1\7.0\QUADCO~1\QUADCO~1\QUADCO~1\ARDUIN~1\Debug\libArduinoCore.a(Print.o)
                0x000026dc                _ZN5Print5printEPKc
 .text._ZN5Print5printEc
                0x000026e0        0xe C:\Users\willy\DOCUME~1\ATMELS~1\7.0\QUADCO~1\QUADCO~1\QUADCO~1\ARDUIN~1\Debug\libArduinoCore.a(Print.o)
                0x000026e0                _ZN5Print5printEc
 .text._ZN5Print7printlnEv
                0x000026ee        0x8 C:\Users\willy\DOCUME~1\ATMELS~1\7.0\QUADCO~1\QUADCO~1\QUADCO~1\ARDUIN~1\Debug\libArduinoCore.a(Print.o)
                0x000026ee                _ZN5Print7printlnEv
 .text._ZN5Print7printlnEPKc
                0x000026f6       0x24 C:\Users\willy\DOCUME~1\ATMELS~1\7.0\QUADCO~1\QUADCO~1\QUADCO~1\ARDUIN~1\Debug\libArduinoCore.a(Print.o)
                0x000026f6                _ZN5Print7printlnEPKc
 .text._ZN5Print11printNumberEmh
                0x0000271a       0x92 C:\Users\willy\DOCUME~1\ATMELS~1\7.0\QUADCO~1\QUADCO~1\QUADCO~1\ARDUIN~1\Debug\libArduinoCore.a(Print.o)
                0x0000271a                _ZN5Print11printNumberEmh
 .text._ZN5Print5printEmi
                0x000027ac       0x1a C:\Users\willy\DOCUME~1\ATMELS~1\7.0\QUADCO~1\QUADCO~1\QUADCO~1\ARDUIN~1\Debug\libArduinoCore.a(Print.o)
                0x000027ac                _ZN5Print5printEmi
 .text._ZN5Print5printEji
                0x000027c6        0xc C:\Users\willy\DOCUME~1\ATMELS~1\7.0\QUADCO~1\QUADCO~1\QUADCO~1\ARDUIN~1\Debug\libArduinoCore.a(Print.o)
                0x000027c6                _ZN5Print5printEji
 .text._ZN5Print5printEli
                0x000027d2       0x90 C:\Users\willy\DOCUME~1\ATMELS~1\7.0\QUADCO~1\QUADCO~1\QUADCO~1\ARDUIN~1\Debug\libArduinoCore.a(Print.o)
                0x000027d2                _ZN5Print5printEli
 .text._ZN5Print5printEii
                0x00002862        0xe C:\Users\willy\DOCUME~1\ATMELS~1\7.0\QUADCO~1\QUADCO~1\QUADCO~1\ARDUIN~1\Debug\libArduinoCore.a(Print.o)
                0x00002862                _ZN5Print5printEii
 .text._ZN5Print7printlnEii
                0x00002870       0x24 C:\Users\willy\DOCUME~1\ATMELS~1\7.0\QUADCO~1\QUADCO~1\QUADCO~1\ARDUIN~1\Debug\libArduinoCore.a(Print.o)
                0x00002870                _ZN5Print7printlnEii
 .text._ZN5Print10printFloatEdh
                0x00002894      0x1b6 C:\Users\willy\DOCUME~1\ATMELS~1\7.0\QUADCO~1\QUADCO~1\QUADCO~1\ARDUIN~1\Debug\libArduinoCore.a(Print.o)
                0x00002894                _ZN5Print10printFloatEdh
 .text._ZN5Print5printEdi
                0x00002a4a        0x4 C:\Users\willy\DOCUME~1\ATMELS~1\7.0\QUADCO~1\QUADCO~1\QUADCO~1\ARDUIN~1\Debug\libArduinoCore.a(Print.o)
                0x00002a4a                _ZN5Print5printEdi
 .text._ZN5Print7printlnEdi
                0x00002a4e       0x24 C:\Users\willy\DOCUME~1\ATMELS~1\7.0\QUADCO~1\QUADCO~1\QUADCO~1\ARDUIN~1\Debug\libArduinoCore.a(Print.o)
                0x00002a4e                _ZN5Print7printlnEdi
 .text.__vector_16
                0x00002a72       0x94 C:\Users\willy\DOCUME~1\ATMELS~1\7.0\QUADCO~1\QUADCO~1\QUADCO~1\ARDUIN~1\Debug\libArduinoCore.a(wiring.o)
                0x00002a72                __vector_16
 .text.micros   0x00002b06       0x4a C:\Users\willy\DOCUME~1\ATMELS~1\7.0\QUADCO~1\QUADCO~1\QUADCO~1\ARDUIN~1\Debug\libArduinoCore.a(wiring.o)
                0x00002b06                micros
 .text.delay    0x00002b50       0x78 C:\Users\willy\DOCUME~1\ATMELS~1\7.0\QUADCO~1\QUADCO~1\QUADCO~1\ARDUIN~1\Debug\libArduinoCore.a(wiring.o)
                0x00002b50                delay
 .text.delayMicroseconds
                0x00002bc8       0x16 C:\Users\willy\DOCUME~1\ATMELS~1\7.0\QUADCO~1\QUADCO~1\QUADCO~1\ARDUIN~1\Debug\libArduinoCore.a(wiring.o)
                0x00002bc8                delayMicroseconds
 .text.init     0x00002bde       0x76 C:\Users\willy\DOCUME~1\ATMELS~1\7.0\QUADCO~1\QUADCO~1\QUADCO~1\ARDUIN~1\Debug\libArduinoCore.a(wiring.o)
                0x00002bde                init
 .text.turnOffPWM
                0x00002c54       0x52 C:\Users\willy\DOCUME~1\ATMELS~1\7.0\QUADCO~1\QUADCO~1\QUADCO~1\ARDUIN~1\Debug\libArduinoCore.a(wiring_digital.o)
 .text.pinMode  0x00002ca6       0x78 C:\Users\willy\DOCUME~1\ATMELS~1\7.0\QUADCO~1\QUADCO~1\QUADCO~1\ARDUIN~1\Debug\libArduinoCore.a(wiring_digital.o)
                0x00002ca6                pinMode
 .text.digitalWrite
                0x00002d1e       0x5e C:\Users\willy\DOCUME~1\ATMELS~1\7.0\QUADCO~1\QUADCO~1\QUADCO~1\ARDUIN~1\Debug\libArduinoCore.a(wiring_digital.o)
                0x00002d1e                digitalWrite
 .text.digitalRead
                0x00002d7c       0x52 C:\Users\willy\DOCUME~1\ATMELS~1\7.0\QUADCO~1\QUADCO~1\QUADCO~1\ARDUIN~1\Debug\libArduinoCore.a(wiring_digital.o)
                0x00002d7c                digitalRead
 .text.__vector_11
                0x00002dce      0x182 C:\Users\willy\DOCUME~1\ATMELS~1\7.0\QUADCO~1\QUADCO~1\QUADCO~1\ARDUIN~1\Debug\libArduinoCore.a(Servo.o)
                0x00002dce                __vector_11
 .text._ZN5ServoC2Ev
                0x00002f50       0x38 C:\Users\willy\DOCUME~1\ATMELS~1\7.0\QUADCO~1\QUADCO~1\QUADCO~1\ARDUIN~1\Debug\libArduinoCore.a(Servo.o)
                0x00002f50                _ZN5ServoC1Ev
                0x00002f50                _ZN5ServoC2Ev
 .text._ZN5Servo6attachEiii
                0x00002f88      0x100 C:\Users\willy\DOCUME~1\ATMELS~1\7.0\QUADCO~1\QUADCO~1\QUADCO~1\ARDUIN~1\Debug\libArduinoCore.a(Servo.o)
                0x00002f88                _ZN5Servo6attachEiii
 .text._ZN5Servo6attachEi
                0x00003088        0xc C:\Users\willy\DOCUME~1\ATMELS~1\7.0\QUADCO~1\QUADCO~1\QUADCO~1\ARDUIN~1\Debug\libArduinoCore.a(Servo.o)
                0x00003088                _ZN5Servo6attachEi
 .text._ZN5Servo17writeMicrosecondsEi
                0x00003094       0x6c C:\Users\willy\DOCUME~1\ATMELS~1\7.0\QUADCO~1\QUADCO~1\QUADCO~1\ARDUIN~1\Debug\libArduinoCore.a(Servo.o)
                0x00003094                _ZN5Servo17writeMicrosecondsEi
 .text._ZN7TwoWire9availableEv
                0x00003100       0x10 C:\Users\willy\DOCUME~1\ATMELS~1\7.0\QUADCO~1\QUADCO~1\QUADCO~1\ARDUIN~1\Debug\libArduinoCore.a(Wire.o)
                0x00003100                _ZN7TwoWire9availableEv
 .text._ZN7TwoWire4readEv
                0x00003110       0x28 C:\Users\willy\DOCUME~1\ATMELS~1\7.0\QUADCO~1\QUADCO~1\QUADCO~1\ARDUIN~1\Debug\libArduinoCore.a(Wire.o)
                0x00003110                _ZN7TwoWire4readEv
 .text._ZN7TwoWire4peekEv
                0x00003138       0x1e C:\Users\willy\DOCUME~1\ATMELS~1\7.0\QUADCO~1\QUADCO~1\QUADCO~1\ARDUIN~1\Debug\libArduinoCore.a(Wire.o)
                0x00003138                _ZN7TwoWire4peekEv
 .text._ZN7TwoWire5flushEv
                0x00003156        0x2 C:\Users\willy\DOCUME~1\ATMELS~1\7.0\QUADCO~1\QUADCO~1\QUADCO~1\ARDUIN~1\Debug\libArduinoCore.a(Wire.o)
                0x00003156                _ZN7TwoWire5flushEv
 .text._ZN7TwoWire5writeEPKhj
                0x00003158       0x5a C:\Users\willy\DOCUME~1\ATMELS~1\7.0\QUADCO~1\QUADCO~1\QUADCO~1\ARDUIN~1\Debug\libArduinoCore.a(Wire.o)
                0x00003158                _ZN7TwoWire5writeEPKhj
 .text._ZN7TwoWire5writeEh
                0x000031b2       0x5e C:\Users\willy\DOCUME~1\ATMELS~1\7.0\QUADCO~1\QUADCO~1\QUADCO~1\ARDUIN~1\Debug\libArduinoCore.a(Wire.o)
                0x000031b2                _ZN7TwoWire5writeEh
 .text._ZN7TwoWireC2Ev
                0x00003210       0x20 C:\Users\willy\DOCUME~1\ATMELS~1\7.0\QUADCO~1\QUADCO~1\QUADCO~1\ARDUIN~1\Debug\libArduinoCore.a(Wire.o)
                0x00003210                _ZN7TwoWireC1Ev
                0x00003210                _ZN7TwoWireC2Ev
 .text._ZN7TwoWire5beginEv
                0x00003230       0x14 C:\Users\willy\DOCUME~1\ATMELS~1\7.0\QUADCO~1\QUADCO~1\QUADCO~1\ARDUIN~1\Debug\libArduinoCore.a(Wire.o)
                0x00003230                _ZN7TwoWire5beginEv
 .text._ZN7TwoWire17beginTransmissionEh
                0x00003244       0x14 C:\Users\willy\DOCUME~1\ATMELS~1\7.0\QUADCO~1\QUADCO~1\QUADCO~1\ARDUIN~1\Debug\libArduinoCore.a(Wire.o)
                0x00003244                _ZN7TwoWire17beginTransmissionEh
 .text._ZN7TwoWire17beginTransmissionEi
                0x00003258        0x4 C:\Users\willy\DOCUME~1\ATMELS~1\7.0\QUADCO~1\QUADCO~1\QUADCO~1\ARDUIN~1\Debug\libArduinoCore.a(Wire.o)
                0x00003258                _ZN7TwoWire17beginTransmissionEi
 .text._ZN7TwoWire15endTransmissionEh
                0x0000325c       0x26 C:\Users\willy\DOCUME~1\ATMELS~1\7.0\QUADCO~1\QUADCO~1\QUADCO~1\ARDUIN~1\Debug\libArduinoCore.a(Wire.o)
                0x0000325c                _ZN7TwoWire15endTransmissionEh
 .text._ZN7TwoWire11requestFromEhhmhh
                0x00003282       0xa8 C:\Users\willy\DOCUME~1\ATMELS~1\7.0\QUADCO~1\QUADCO~1\QUADCO~1\ARDUIN~1\Debug\libArduinoCore.a(Wire.o)
                0x00003282                _ZN7TwoWire11requestFromEhhmhh
 .text._ZN7TwoWire11requestFromEhhh
                0x0000332a       0x20 C:\Users\willy\DOCUME~1\ATMELS~1\7.0\QUADCO~1\QUADCO~1\QUADCO~1\ARDUIN~1\Debug\libArduinoCore.a(Wire.o)
                0x0000332a                _ZN7TwoWire11requestFromEhhh
 .text._ZN7TwoWire11requestFromEii
                0x0000334a        0x6 C:\Users\willy\DOCUME~1\ATMELS~1\7.0\QUADCO~1\QUADCO~1\QUADCO~1\ARDUIN~1\Debug\libArduinoCore.a(Wire.o)
                0x0000334a                _ZN7TwoWire11requestFromEii
 .text._ZN7TwoWire15endTransmissionEv
                0x00003350        0x6 C:\Users\willy\DOCUME~1\ATMELS~1\7.0\QUADCO~1\QUADCO~1\QUADCO~1\ARDUIN~1\Debug\libArduinoCore.a(Wire.o)
                0x00003350                _ZN7TwoWire15endTransmissionEv
 .text.startup._GLOBAL__sub_I__ZN7TwoWire8rxBufferE
                0x00003356        0x8 C:\Users\willy\DOCUME~1\ATMELS~1\7.0\QUADCO~1\QUADCO~1\QUADCO~1\ARDUIN~1\Debug\libArduinoCore.a(Wire.o)
 .text.__empty  0x0000335e        0x2 C:\Users\willy\DOCUME~1\ATMELS~1\7.0\QUADCO~1\QUADCO~1\QUADCO~1\ARDUIN~1\Debug\libArduinoCore.a(hooks.o)
                0x0000335e                yield
 .text.twi_init
                0x00003360       0x3c C:\Users\willy\DOCUME~1\ATMELS~1\7.0\QUADCO~1\QUADCO~1\QUADCO~1\ARDUIN~1\Debug\libArduinoCore.a(twi.o)
                0x00003360                twi_init
 .text.twi_readFrom
                0x0000339c       0x90 C:\Users\willy\DOCUME~1\ATMELS~1\7.0\QUADCO~1\QUADCO~1\QUADCO~1\ARDUIN~1\Debug\libArduinoCore.a(twi.o)
                0x0000339c                twi_readFrom
 .text.twi_writeTo
                0x0000342c       0xac C:\Users\willy\DOCUME~1\ATMELS~1\7.0\QUADCO~1\QUADCO~1\QUADCO~1\ARDUIN~1\Debug\libArduinoCore.a(twi.o)
                0x0000342c                twi_writeTo
 .text.twi_transmit
                0x000034d8       0x50 C:\Users\willy\DOCUME~1\ATMELS~1\7.0\QUADCO~1\QUADCO~1\QUADCO~1\ARDUIN~1\Debug\libArduinoCore.a(twi.o)
                0x000034d8                twi_transmit
 .text.twi_stop
                0x00003528       0x14 C:\Users\willy\DOCUME~1\ATMELS~1\7.0\QUADCO~1\QUADCO~1\QUADCO~1\ARDUIN~1\Debug\libArduinoCore.a(twi.o)
                0x00003528                twi_stop
 .text.twi_releaseBus
                0x0000353c        0xc C:\Users\willy\DOCUME~1\ATMELS~1\7.0\QUADCO~1\QUADCO~1\QUADCO~1\ARDUIN~1\Debug\libArduinoCore.a(twi.o)
                0x0000353c                twi_releaseBus
 .text.__vector_24
                0x00003548      0x25a C:\Users\willy\DOCUME~1\ATMELS~1\7.0\QUADCO~1\QUADCO~1\QUADCO~1\ARDUIN~1\Debug\libArduinoCore.a(twi.o)
                0x00003548                __vector_24
 .text.avr-libc.fplib
                0x000037a2        0xa c:/program files (x86)/atmel/studio/7.0/toolchain/avr8/avr8-gnu-toolchain/bin/../lib/gcc/avr/5.4.0/../../../../avr/lib/avr5\libm.a(unordsf2.o)
                0x000037a2                __unordsf2
 .text.libgcc.div
                0x000037ac       0x18 c:/program files (x86)/atmel/studio/7.0/toolchain/avr8/avr8-gnu-toolchain/bin/../lib/gcc/avr/5.4.0/avr5\libgcc.a(_udivmodqi4.o)
                0x000037ac                __udivmodqi4
 .text.libgcc.div
                0x000037c4       0x28 c:/program files (x86)/atmel/studio/7.0/toolchain/avr8/avr8-gnu-toolchain/bin/../lib/gcc/avr/5.4.0/avr5\libgcc.a(_divmodhi4.o)
                0x000037c4                _div
                0x000037c4                __divmodhi4
 .text.libgcc.div
                0x000037ec       0x44 c:/program files (x86)/atmel/studio/7.0/toolchain/avr8/avr8-gnu-toolchain/bin/../lib/gcc/avr/5.4.0/avr5\libgcc.a(_udivmodsi4.o)
                0x000037ec                __udivmodsi4
 .text.libgcc.div
                0x00003830       0x28 c:/program files (x86)/atmel/studio/7.0/toolchain/avr8/avr8-gnu-toolchain/bin/../lib/gcc/avr/5.4.0/avr5\libgcc.a(_udivmodhi4.o)
                0x00003830                __udivmodhi4
 .text.libgcc   0x00003858        0xc c:/program files (x86)/atmel/studio/7.0/toolchain/avr8/avr8-gnu-toolchain/bin/../lib/gcc/avr/5.4.0/avr5\libgcc.a(_tablejump2.o)
                0x00003858                __tablejump2__
                0x00003864                . = ALIGN (0x2)
 *(.fini9)
 .fini9         0x00003864        0x0 c:/program files (x86)/atmel/studio/7.0/toolchain/avr8/avr8-gnu-toolchain/bin/../lib/gcc/avr/5.4.0/avr5\libgcc.a(_exit.o)
                0x00003864                _exit
                0x00003864                exit
 *(.fini9)
 *(.fini8)
 *(.fini8)
 *(.fini7)
 *(.fini7)
 *(.fini6)
 *(.fini6)
 *(.fini5)
 *(.fini5)
 *(.fini4)
 *(.fini4)
 *(.fini3)
 *(.fini3)
 *(.fini2)
 *(.fini2)
 *(.fini1)
 *(.fini1)
 *(.fini0)
 .fini0         0x00003864        0x4 c:/program files (x86)/atmel/studio/7.0/toolchain/avr8/avr8-gnu-toolchain/bin/../lib/gcc/avr/5.4.0/avr5\libgcc.a(_exit.o)
 *(.fini0)
                0x00003868                _etext = .

.data           0x00800100       0xa0 load address 0x00003868
                0x00800100                PROVIDE (__data_start, .)
 *(.data)
 *(.data*)
 .data.setmaxangle
                0x00800100        0x2 Sketch.o
                0x00800100                setmaxangle
 .data.throttle
                0x00800102        0x2 Sketch.o
                0x00800102                throttle
 .data.pid_max_yaw
                0x00800104        0x2 Sketch.o
                0x00800104                pid_max_yaw
 .data.pid_i_gain_yaw
                0x00800106        0x4 Sketch.o
                0x00800106                pid_i_gain_yaw
 .data.pid_p_gain_yaw
                0x0080010a        0x4 Sketch.o
                0x0080010a                pid_p_gain_yaw
 .data.pid_max_roll
                0x0080010e        0x2 Sketch.o
                0x0080010e                pid_max_roll
 .data.pid_d_gain_roll
                0x00800110        0x4 Sketch.o
                0x00800110                pid_d_gain_roll
 .data.pid_i_gain_roll
                0x00800114        0x4 Sketch.o
                0x00800114                pid_i_gain_roll
 .data.pid_p_gain_roll
                0x00800118        0x4 Sketch.o
                0x00800118                pid_p_gain_roll
 .data.rotationThreshold
                0x0080011c        0x4 Sketch.o
                0x0080011c                rotationThreshold
 *(.rodata)
 *(.rodata*)
 .rodata.str1.1
                0x00800120       0x51 Sketch.o
                                 0x5d (size before relaxing)
 .rodata._ZTV14HardwareSerial
                0x00800171       0x10 C:\Users\willy\DOCUME~1\ATMELS~1\7.0\QUADCO~1\QUADCO~1\QUADCO~1\ARDUIN~1\Debug\libArduinoCore.a(HardwareSerial.o)
                0x00800171                _ZTV14HardwareSerial
 .rodata.str1.1
                0x00800181        0xf C:\Users\willy\DOCUME~1\ATMELS~1\7.0\QUADCO~1\QUADCO~1\QUADCO~1\ARDUIN~1\Debug\libArduinoCore.a(Print.o)
 .rodata._ZTV7TwoWire
                0x00800190       0x10 C:\Users\willy\DOCUME~1\ATMELS~1\7.0\QUADCO~1\QUADCO~1\QUADCO~1\ARDUIN~1\Debug\libArduinoCore.a(Wire.o)
                0x00800190                _ZTV7TwoWire
 *(.gnu.linkonce.d*)
                0x008001a0                . = ALIGN (0x2)
                0x008001a0                _edata = .
                0x008001a0                PROVIDE (__data_end, .)

.bss            0x008001a0      0x25c
                0x008001a0                PROVIDE (__bss_start, .)
 *(.bss)
 *(.bss*)
 .bss.inner_loop_timer
                0x008001a0        0x4 Sketch.o
                0x008001a0                inner_loop_timer
 .bss.dt        0x008001a4        0x4 Sketch.o
                0x008001a4                dt
 .bss.compAngleY
                0x008001a8        0x4 Sketch.o
                0x008001a8                compAngleY
 .bss.compAngleX
                0x008001ac        0x4 Sketch.o
                0x008001ac                compAngleX
 .bss.pitchAcc  0x008001b0        0x4 Sketch.o
                0x008001b0                pitchAcc
 .bss.rollAcc   0x008001b4        0x4 Sketch.o
                0x008001b4                rollAcc
 .bss.Accz      0x008001b8        0x4 Sketch.o
                0x008001b8                Accz
 .bss.Accy      0x008001bc        0x4 Sketch.o
                0x008001bc                Accy
 .bss.Accx      0x008001c0        0x4 Sketch.o
                0x008001c0                Accx
 .bss.angle_pitch
                0x008001c4        0x4 Sketch.o
                0x008001c4                angle_pitch
 .bss.angle_roll
                0x008001c8        0x4 Sketch.o
                0x008001c8                angle_roll
 .bss.current_time
                0x008001cc        0x4 Sketch.o
                0x008001cc                current_time
 .bss.timer_4   0x008001d0        0x4 Sketch.o
                0x008001d0                timer_4
 .bss.timer_3   0x008001d4        0x4 Sketch.o
                0x008001d4                timer_3
 .bss.timer_2   0x008001d8        0x4 Sketch.o
                0x008001d8                timer_2
 .bss.timer_1   0x008001dc        0x4 Sketch.o
                0x008001dc                timer_1
 .bss.receiver_input_channel_4
                0x008001e0        0x2 Sketch.o
                0x008001e0                receiver_input_channel_4
 .bss.receiver_input_channel_3
                0x008001e2        0x2 Sketch.o
                0x008001e2                receiver_input_channel_3
 .bss.receiver_input_channel_2
                0x008001e4        0x2 Sketch.o
                0x008001e4                receiver_input_channel_2
 .bss.receiver_input_channel_1
                0x008001e6        0x2 Sketch.o
                0x008001e6                receiver_input_channel_1
 .bss.last_channel_4
                0x008001e8        0x1 Sketch.o
                0x008001e8                last_channel_4
 .bss.last_channel_3
                0x008001e9        0x1 Sketch.o
                0x008001e9                last_channel_3
 .bss.last_channel_2
                0x008001ea        0x1 Sketch.o
                0x008001ea                last_channel_2
 .bss.last_channel_1
                0x008001eb        0x1 Sketch.o
                0x008001eb                last_channel_1
 .bss.start     0x008001ec        0x2 Sketch.o
                0x008001ec                start
 .bss.pid_last_yaw_d_error
                0x008001ee        0x4 Sketch.o
                0x008001ee                pid_last_yaw_d_error
 .bss.pid_output_yaw
                0x008001f2        0x4 Sketch.o
                0x008001f2                pid_output_yaw
 .bss.gyro_yaw_input
                0x008001f6        0x4 Sketch.o
                0x008001f6                gyro_yaw_input
 .bss.pid_yaw_setpoint
                0x008001fa        0x4 Sketch.o
                0x008001fa                pid_yaw_setpoint
 .bss.pid_i_mem_yaw
                0x008001fe        0x4 Sketch.o
                0x008001fe                pid_i_mem_yaw
 .bss.pid_last_pitch_d_error
                0x00800202        0x4 Sketch.o
                0x00800202                pid_last_pitch_d_error
 .bss.pid_output_pitch
                0x00800206        0x4 Sketch.o
                0x00800206                pid_output_pitch
 .bss.gyro_pitch_input
                0x0080020a        0x4 Sketch.o
                0x0080020a                gyro_pitch_input
 .bss.pid_pitch_setpoint
                0x0080020e        0x4 Sketch.o
                0x0080020e                pid_pitch_setpoint
 .bss.pid_i_mem_pitch
                0x00800212        0x4 Sketch.o
                0x00800212                pid_i_mem_pitch
 .bss.pid_last_roll_d_error
                0x00800216        0x4 Sketch.o
                0x00800216                pid_last_roll_d_error
 .bss.pid_output_roll
                0x0080021a        0x4 Sketch.o
                0x0080021a                pid_output_roll
 .bss.gyro_roll_input
                0x0080021e        0x4 Sketch.o
                0x0080021e                gyro_roll_input
 .bss.pid_roll_setpoint
                0x00800222        0x4 Sketch.o
                0x00800222                pid_roll_setpoint
 .bss.pid_i_mem_roll
                0x00800226        0x4 Sketch.o
                0x00800226                pid_i_mem_roll
 .bss.pid_error_temp
                0x0080022a        0x4 Sketch.o
                0x0080022a                pid_error_temp
 .bss.lowByte   0x0080022e        0x1 Sketch.o
                0x0080022e                lowByte
 .bss.highByte  0x0080022f        0x1 Sketch.o
                0x0080022f                highByte
 .bss.gyro_yaw_cal
                0x00800230        0x4 Sketch.o
                0x00800230                gyro_yaw_cal
 .bss.gyro_pitch_cal
                0x00800234        0x4 Sketch.o
                0x00800234                gyro_pitch_cal
 .bss.gyro_roll_cal
                0x00800238        0x4 Sketch.o
                0x00800238                gyro_roll_cal
 .bss.gyro_yaw  0x0080023c        0x4 Sketch.o
                0x0080023c                gyro_yaw
 .bss.gyro_roll
                0x00800240        0x4 Sketch.o
                0x00800240                gyro_roll
 .bss.gyro_pitch
                0x00800244        0x4 Sketch.o
                0x00800244                gyro_pitch
 .bss.cal_int   0x00800248        0x2 Sketch.o
                0x00800248                cal_int
 .bss.m4        0x0080024a        0x3 Sketch.o
                0x0080024a                m4
 .bss.m3        0x0080024d        0x3 Sketch.o
                0x0080024d                m3
 .bss.m2        0x00800250        0x3 Sketch.o
                0x00800250                m2
 .bss.m1        0x00800253        0x3 Sketch.o
                0x00800253                m1
 .bss.esc_4     0x00800256        0x2 Sketch.o
                0x00800256                esc_4
 .bss.esc_3     0x00800258        0x2 Sketch.o
                0x00800258                esc_3
 .bss.esc_2     0x0080025a        0x2 Sketch.o
                0x0080025a                esc_2
 .bss.esc_1     0x0080025c        0x2 Sketch.o
                0x0080025c                esc_1
 .bss.pid_d_gain_yaw
                0x0080025e        0x4 Sketch.o
                0x0080025e                pid_d_gain_yaw
 .bss.pid_max_pitch
                0x00800262        0x2 Sketch.o
                0x00800262                pid_max_pitch
 .bss.pid_d_gain_pitch
                0x00800264        0x4 Sketch.o
                0x00800264                pid_d_gain_pitch
 .bss.pid_i_gain_pitch
                0x00800268        0x4 Sketch.o
                0x00800268                pid_i_gain_pitch
 .bss.pid_p_gain_pitch
                0x0080026c        0x4 Sketch.o
                0x0080026c                pid_p_gain_pitch
 .bss.Serial    0x00800270       0x9d C:\Users\willy\DOCUME~1\ATMELS~1\7.0\QUADCO~1\QUADCO~1\QUADCO~1\ARDUIN~1\Debug\libArduinoCore.a(HardwareSerial0.o)
                0x00800270                Serial
 .bss.timer0_fract
                0x0080030d        0x1 C:\Users\willy\DOCUME~1\ATMELS~1\7.0\QUADCO~1\QUADCO~1\QUADCO~1\ARDUIN~1\Debug\libArduinoCore.a(wiring.o)
 .bss.timer0_millis
                0x0080030e        0x4 C:\Users\willy\DOCUME~1\ATMELS~1\7.0\QUADCO~1\QUADCO~1\QUADCO~1\ARDUIN~1\Debug\libArduinoCore.a(wiring.o)
                0x0080030e                timer0_millis
 .bss.timer0_overflow_count
                0x00800312        0x4 C:\Users\willy\DOCUME~1\ATMELS~1\7.0\QUADCO~1\QUADCO~1\QUADCO~1\ARDUIN~1\Debug\libArduinoCore.a(wiring.o)
                0x00800312                timer0_overflow_count
 .bss.ServoCount
                0x00800316        0x1 C:\Users\willy\DOCUME~1\ATMELS~1\7.0\QUADCO~1\QUADCO~1\QUADCO~1\ARDUIN~1\Debug\libArduinoCore.a(Servo.o)
                0x00800316                ServoCount
 .bss._ZL7Channel
                0x00800317        0x1 C:\Users\willy\DOCUME~1\ATMELS~1\7.0\QUADCO~1\QUADCO~1\QUADCO~1\ARDUIN~1\Debug\libArduinoCore.a(Servo.o)
 .bss._ZL6servos
                0x00800318       0x24 C:\Users\willy\DOCUME~1\ATMELS~1\7.0\QUADCO~1\QUADCO~1\QUADCO~1\ARDUIN~1\Debug\libArduinoCore.a(Servo.o)
 .bss.Wire      0x0080033c        0xc C:\Users\willy\DOCUME~1\ATMELS~1\7.0\QUADCO~1\QUADCO~1\QUADCO~1\ARDUIN~1\Debug\libArduinoCore.a(Wire.o)
                0x0080033c                Wire
 .bss._ZN7TwoWire12transmittingE
                0x00800348        0x1 C:\Users\willy\DOCUME~1\ATMELS~1\7.0\QUADCO~1\QUADCO~1\QUADCO~1\ARDUIN~1\Debug\libArduinoCore.a(Wire.o)
                0x00800348                _ZN7TwoWire12transmittingE
 .bss._ZN7TwoWire14txBufferLengthE
                0x00800349        0x1 C:\Users\willy\DOCUME~1\ATMELS~1\7.0\QUADCO~1\QUADCO~1\QUADCO~1\ARDUIN~1\Debug\libArduinoCore.a(Wire.o)
                0x00800349                _ZN7TwoWire14txBufferLengthE
 .bss._ZN7TwoWire13txBufferIndexE
                0x0080034a        0x1 C:\Users\willy\DOCUME~1\ATMELS~1\7.0\QUADCO~1\QUADCO~1\QUADCO~1\ARDUIN~1\Debug\libArduinoCore.a(Wire.o)
                0x0080034a                _ZN7TwoWire13txBufferIndexE
 .bss._ZN7TwoWire8txBufferE
                0x0080034b       0x20 C:\Users\willy\DOCUME~1\ATMELS~1\7.0\QUADCO~1\QUADCO~1\QUADCO~1\ARDUIN~1\Debug\libArduinoCore.a(Wire.o)
                0x0080034b                _ZN7TwoWire8txBufferE
 .bss._ZN7TwoWire9txAddressE
                0x0080036b        0x1 C:\Users\willy\DOCUME~1\ATMELS~1\7.0\QUADCO~1\QUADCO~1\QUADCO~1\ARDUIN~1\Debug\libArduinoCore.a(Wire.o)
                0x0080036b                _ZN7TwoWire9txAddressE
 .bss._ZN7TwoWire14rxBufferLengthE
                0x0080036c        0x1 C:\Users\willy\DOCUME~1\ATMELS~1\7.0\QUADCO~1\QUADCO~1\QUADCO~1\ARDUIN~1\Debug\libArduinoCore.a(Wire.o)
                0x0080036c                _ZN7TwoWire14rxBufferLengthE
 .bss._ZN7TwoWire13rxBufferIndexE
                0x0080036d        0x1 C:\Users\willy\DOCUME~1\ATMELS~1\7.0\QUADCO~1\QUADCO~1\QUADCO~1\ARDUIN~1\Debug\libArduinoCore.a(Wire.o)
                0x0080036d                _ZN7TwoWire13rxBufferIndexE
 .bss._ZN7TwoWire8rxBufferE
                0x0080036e       0x20 C:\Users\willy\DOCUME~1\ATMELS~1\7.0\QUADCO~1\QUADCO~1\QUADCO~1\ARDUIN~1\Debug\libArduinoCore.a(Wire.o)
                0x0080036e                _ZN7TwoWire8rxBufferE
 .bss.twi_error
                0x0080038e        0x1 C:\Users\willy\DOCUME~1\ATMELS~1\7.0\QUADCO~1\QUADCO~1\QUADCO~1\ARDUIN~1\Debug\libArduinoCore.a(twi.o)
 .bss.twi_rxBufferIndex
                0x0080038f        0x1 C:\Users\willy\DOCUME~1\ATMELS~1\7.0\QUADCO~1\QUADCO~1\QUADCO~1\ARDUIN~1\Debug\libArduinoCore.a(twi.o)
 .bss.twi_rxBuffer
                0x00800390       0x20 C:\Users\willy\DOCUME~1\ATMELS~1\7.0\QUADCO~1\QUADCO~1\QUADCO~1\ARDUIN~1\Debug\libArduinoCore.a(twi.o)
 .bss.twi_txBufferLength
                0x008003b0        0x1 C:\Users\willy\DOCUME~1\ATMELS~1\7.0\QUADCO~1\QUADCO~1\QUADCO~1\ARDUIN~1\Debug\libArduinoCore.a(twi.o)
 .bss.twi_txBufferIndex
                0x008003b1        0x1 C:\Users\willy\DOCUME~1\ATMELS~1\7.0\QUADCO~1\QUADCO~1\QUADCO~1\ARDUIN~1\Debug\libArduinoCore.a(twi.o)
 .bss.twi_txBuffer
                0x008003b2       0x20 C:\Users\willy\DOCUME~1\ATMELS~1\7.0\QUADCO~1\QUADCO~1\QUADCO~1\ARDUIN~1\Debug\libArduinoCore.a(twi.o)
 .bss.twi_masterBufferLength
                0x008003d2        0x1 C:\Users\willy\DOCUME~1\ATMELS~1\7.0\QUADCO~1\QUADCO~1\QUADCO~1\ARDUIN~1\Debug\libArduinoCore.a(twi.o)
 .bss.twi_masterBufferIndex
                0x008003d3        0x1 C:\Users\willy\DOCUME~1\ATMELS~1\7.0\QUADCO~1\QUADCO~1\QUADCO~1\ARDUIN~1\Debug\libArduinoCore.a(twi.o)
 .bss.twi_masterBuffer
                0x008003d4       0x20 C:\Users\willy\DOCUME~1\ATMELS~1\7.0\QUADCO~1\QUADCO~1\QUADCO~1\ARDUIN~1\Debug\libArduinoCore.a(twi.o)
 .bss.twi_onSlaveReceive
                0x008003f4        0x2 C:\Users\willy\DOCUME~1\ATMELS~1\7.0\QUADCO~1\QUADCO~1\QUADCO~1\ARDUIN~1\Debug\libArduinoCore.a(twi.o)
 .bss.twi_onSlaveTransmit
                0x008003f6        0x2 C:\Users\willy\DOCUME~1\ATMELS~1\7.0\QUADCO~1\QUADCO~1\QUADCO~1\ARDUIN~1\Debug\libArduinoCore.a(twi.o)
 .bss.twi_inRepStart
                0x008003f8        0x1 C:\Users\willy\DOCUME~1\ATMELS~1\7.0\QUADCO~1\QUADCO~1\QUADCO~1\ARDUIN~1\Debug\libArduinoCore.a(twi.o)
 .bss.twi_sendStop
                0x008003f9        0x1 C:\Users\willy\DOCUME~1\ATMELS~1\7.0\QUADCO~1\QUADCO~1\QUADCO~1\ARDUIN~1\Debug\libArduinoCore.a(twi.o)
 .bss.twi_slarw
                0x008003fa        0x1 C:\Users\willy\DOCUME~1\ATMELS~1\7.0\QUADCO~1\QUADCO~1\QUADCO~1\ARDUIN~1\Debug\libArduinoCore.a(twi.o)
 .bss.twi_state
                0x008003fb        0x1 C:\Users\willy\DOCUME~1\ATMELS~1\7.0\QUADCO~1\QUADCO~1\QUADCO~1\ARDUIN~1\Debug\libArduinoCore.a(twi.o)
 *(COMMON)
                0x008003fc                PROVIDE (__bss_end, .)
                0x00003868                __data_load_start = LOADADDR (.data)
                0x00003908                __data_load_end = (__data_load_start + SIZEOF (.data))

.noinit         0x008003fc        0x0
                [!provide]                PROVIDE (__noinit_start, .)
 *(.noinit*)
                [!provide]                PROVIDE (__noinit_end, .)
                0x008003fc                _end = .
                [!provide]                PROVIDE (__heap_start, .)

.eeprom         0x00810000        0x0
 *(.eeprom*)
                0x00810000                __eeprom_end = .

.fuse
 *(.fuse)
 *(.lfuse)
 *(.hfuse)
 *(.efuse)

.lock
 *(.lock*)

.signature
 *(.signature*)

.user_signatures
 *(.user_signatures*)

.stab
 *(.stab)

.stabstr
 *(.stabstr)

.stab.excl
 *(.stab.excl)

.stab.exclstr
 *(.stab.exclstr)

.stab.index
 *(.stab.index)

.stab.indexstr
 *(.stab.indexstr)

.comment        0x00000000       0x30
 *(.comment)
 .comment       0x00000000       0x30 Sketch.o
                                 0x31 (size before relaxing)
 .comment       0x00000030       0x31 C:\Users\willy\DOCUME~1\ATMELS~1\7.0\QUADCO~1\QUADCO~1\QUADCO~1\ARDUIN~1\Debug\libArduinoCore.a(HardwareSerial.o)
 .comment       0x00000030       0x31 C:\Users\willy\DOCUME~1\ATMELS~1\7.0\QUADCO~1\QUADCO~1\QUADCO~1\ARDUIN~1\Debug\libArduinoCore.a(HardwareSerial0.o)
 .comment       0x00000030       0x31 C:\Users\willy\DOCUME~1\ATMELS~1\7.0\QUADCO~1\QUADCO~1\QUADCO~1\ARDUIN~1\Debug\libArduinoCore.a(main.o)
 .comment       0x00000030       0x31 C:\Users\willy\DOCUME~1\ATMELS~1\7.0\QUADCO~1\QUADCO~1\QUADCO~1\ARDUIN~1\Debug\libArduinoCore.a(Print.o)
 .comment       0x00000030       0x31 C:\Users\willy\DOCUME~1\ATMELS~1\7.0\QUADCO~1\QUADCO~1\QUADCO~1\ARDUIN~1\Debug\libArduinoCore.a(wiring.o)
 .comment       0x00000030       0x31 C:\Users\willy\DOCUME~1\ATMELS~1\7.0\QUADCO~1\QUADCO~1\QUADCO~1\ARDUIN~1\Debug\libArduinoCore.a(wiring_digital.o)
 .comment       0x00000030       0x31 C:\Users\willy\DOCUME~1\ATMELS~1\7.0\QUADCO~1\QUADCO~1\QUADCO~1\ARDUIN~1\Debug\libArduinoCore.a(Servo.o)
 .comment       0x00000030       0x31 C:\Users\willy\DOCUME~1\ATMELS~1\7.0\QUADCO~1\QUADCO~1\QUADCO~1\ARDUIN~1\Debug\libArduinoCore.a(Wire.o)
 .comment       0x00000030       0x31 C:\Users\willy\DOCUME~1\ATMELS~1\7.0\QUADCO~1\QUADCO~1\QUADCO~1\ARDUIN~1\Debug\libArduinoCore.a(hooks.o)
 .comment       0x00000030       0x31 C:\Users\willy\DOCUME~1\ATMELS~1\7.0\QUADCO~1\QUADCO~1\QUADCO~1\ARDUIN~1\Debug\libArduinoCore.a(twi.o)

.note.gnu.avr.deviceinfo
                0x00000000       0x40
 .note.gnu.avr.deviceinfo
                0x00000000       0x40 C:/Program Files (x86)/Atmel/Studio/7.0/Packs/atmel/ATmega_DFP/1.2.132/gcc/dev/atmega328p/avr5/crtatmega328p.o

.note.gnu.build-id
 *(.note.gnu.build-id)

.debug
 *(.debug)

.line
 *(.line)

.debug_srcinfo
 *(.debug_srcinfo)

.debug_sfnames
 *(.debug_sfnames)

.debug_aranges  0x00000000      0x4c8
 *(.debug_aranges)
 .debug_aranges
                0x00000000       0x98 Sketch.o
 .debug_aranges
                0x00000098       0x68 C:\Users\willy\DOCUME~1\ATMELS~1\7.0\QUADCO~1\QUADCO~1\QUADCO~1\ARDUIN~1\Debug\libArduinoCore.a(HardwareSerial.o)
 .debug_aranges
                0x00000100       0x38 C:\Users\willy\DOCUME~1\ATMELS~1\7.0\QUADCO~1\QUADCO~1\QUADCO~1\ARDUIN~1\Debug\libArduinoCore.a(HardwareSerial0.o)
 .debug_aranges
                0x00000138       0x30 C:\Users\willy\DOCUME~1\ATMELS~1\7.0\QUADCO~1\QUADCO~1\QUADCO~1\ARDUIN~1\Debug\libArduinoCore.a(main.o)
 .debug_aranges
                0x00000168       0xf0 C:\Users\willy\DOCUME~1\ATMELS~1\7.0\QUADCO~1\QUADCO~1\QUADCO~1\ARDUIN~1\Debug\libArduinoCore.a(Print.o)
 .debug_aranges
                0x00000258       0x48 C:\Users\willy\DOCUME~1\ATMELS~1\7.0\QUADCO~1\QUADCO~1\QUADCO~1\ARDUIN~1\Debug\libArduinoCore.a(wiring.o)
 .debug_aranges
                0x000002a0       0x38 C:\Users\willy\DOCUME~1\ATMELS~1\7.0\QUADCO~1\QUADCO~1\QUADCO~1\ARDUIN~1\Debug\libArduinoCore.a(wiring_digital.o)
 .debug_aranges
                0x000002d8       0x68 C:\Users\willy\DOCUME~1\ATMELS~1\7.0\QUADCO~1\QUADCO~1\QUADCO~1\ARDUIN~1\Debug\libArduinoCore.a(Servo.o)
 .debug_aranges
                0x00000340       0xe8 C:\Users\willy\DOCUME~1\ATMELS~1\7.0\QUADCO~1\QUADCO~1\QUADCO~1\ARDUIN~1\Debug\libArduinoCore.a(Wire.o)
 .debug_aranges
                0x00000428       0x20 C:\Users\willy\DOCUME~1\ATMELS~1\7.0\QUADCO~1\QUADCO~1\QUADCO~1\ARDUIN~1\Debug\libArduinoCore.a(hooks.o)
 .debug_aranges
                0x00000448       0x80 C:\Users\willy\DOCUME~1\ATMELS~1\7.0\QUADCO~1\QUADCO~1\QUADCO~1\ARDUIN~1\Debug\libArduinoCore.a(twi.o)

.debug_pubnames
 *(.debug_pubnames)

.debug_info     0x00000000     0xc021
 *(.debug_info .gnu.linkonce.wi.*)
 .debug_info    0x00000000      0x5f4 C:/Program Files (x86)/Atmel/Studio/7.0/Packs/atmel/ATmega_DFP/1.2.132/gcc/dev/atmega328p/avr5/crtatmega328p.o
 .debug_info    0x000005f4     0x1742 Sketch.o
 .debug_info    0x00001d36     0x1ea5 C:\Users\willy\DOCUME~1\ATMELS~1\7.0\QUADCO~1\QUADCO~1\QUADCO~1\ARDUIN~1\Debug\libArduinoCore.a(HardwareSerial.o)
 .debug_info    0x00003bdb     0x1a99 C:\Users\willy\DOCUME~1\ATMELS~1\7.0\QUADCO~1\QUADCO~1\QUADCO~1\ARDUIN~1\Debug\libArduinoCore.a(HardwareSerial0.o)
 .debug_info    0x00005674      0x237 C:\Users\willy\DOCUME~1\ATMELS~1\7.0\QUADCO~1\QUADCO~1\QUADCO~1\ARDUIN~1\Debug\libArduinoCore.a(main.o)
 .debug_info    0x000058ab     0x285e C:\Users\willy\DOCUME~1\ATMELS~1\7.0\QUADCO~1\QUADCO~1\QUADCO~1\ARDUIN~1\Debug\libArduinoCore.a(Print.o)
 .debug_info    0x00008109      0x2cb C:\Users\willy\DOCUME~1\ATMELS~1\7.0\QUADCO~1\QUADCO~1\QUADCO~1\ARDUIN~1\Debug\libArduinoCore.a(wiring.o)
 .debug_info    0x000083d4      0x5fe C:\Users\willy\DOCUME~1\ATMELS~1\7.0\QUADCO~1\QUADCO~1\QUADCO~1\ARDUIN~1\Debug\libArduinoCore.a(wiring_digital.o)
 .debug_info    0x000089d2      0x8d6 C:\Users\willy\DOCUME~1\ATMELS~1\7.0\QUADCO~1\QUADCO~1\QUADCO~1\ARDUIN~1\Debug\libArduinoCore.a(Servo.o)
 .debug_info    0x000092a8     0x2737 C:\Users\willy\DOCUME~1\ATMELS~1\7.0\QUADCO~1\QUADCO~1\QUADCO~1\ARDUIN~1\Debug\libArduinoCore.a(Wire.o)
 .debug_info    0x0000b9df       0x3e C:\Users\willy\DOCUME~1\ATMELS~1\7.0\QUADCO~1\QUADCO~1\QUADCO~1\ARDUIN~1\Debug\libArduinoCore.a(hooks.o)
 .debug_info    0x0000ba1d      0x604 C:\Users\willy\DOCUME~1\ATMELS~1\7.0\QUADCO~1\QUADCO~1\QUADCO~1\ARDUIN~1\Debug\libArduinoCore.a(twi.o)

.debug_abbrev   0x00000000     0x2550
 *(.debug_abbrev)
 .debug_abbrev  0x00000000      0x5a2 C:/Program Files (x86)/Atmel/Studio/7.0/Packs/atmel/ATmega_DFP/1.2.132/gcc/dev/atmega328p/avr5/crtatmega328p.o
 .debug_abbrev  0x000005a2      0x410 Sketch.o
 .debug_abbrev  0x000009b2      0x432 C:\Users\willy\DOCUME~1\ATMELS~1\7.0\QUADCO~1\QUADCO~1\QUADCO~1\ARDUIN~1\Debug\libArduinoCore.a(HardwareSerial.o)
 .debug_abbrev  0x00000de4      0x3a2 C:\Users\willy\DOCUME~1\ATMELS~1\7.0\QUADCO~1\QUADCO~1\QUADCO~1\ARDUIN~1\Debug\libArduinoCore.a(HardwareSerial0.o)
 .debug_abbrev  0x00001186      0x12d C:\Users\willy\DOCUME~1\ATMELS~1\7.0\QUADCO~1\QUADCO~1\QUADCO~1\ARDUIN~1\Debug\libArduinoCore.a(main.o)
 .debug_abbrev  0x000012b3      0x469 C:\Users\willy\DOCUME~1\ATMELS~1\7.0\QUADCO~1\QUADCO~1\QUADCO~1\ARDUIN~1\Debug\libArduinoCore.a(Print.o)
 .debug_abbrev  0x0000171c      0x146 C:\Users\willy\DOCUME~1\ATMELS~1\7.0\QUADCO~1\QUADCO~1\QUADCO~1\ARDUIN~1\Debug\libArduinoCore.a(wiring.o)
 .debug_abbrev  0x00001862      0x15b C:\Users\willy\DOCUME~1\ATMELS~1\7.0\QUADCO~1\QUADCO~1\QUADCO~1\ARDUIN~1\Debug\libArduinoCore.a(wiring_digital.o)
 .debug_abbrev  0x000019bd      0x386 C:\Users\willy\DOCUME~1\ATMELS~1\7.0\QUADCO~1\QUADCO~1\QUADCO~1\ARDUIN~1\Debug\libArduinoCore.a(Servo.o)
 .debug_abbrev  0x00001d43      0x583 C:\Users\willy\DOCUME~1\ATMELS~1\7.0\QUADCO~1\QUADCO~1\QUADCO~1\ARDUIN~1\Debug\libArduinoCore.a(Wire.o)
 .debug_abbrev  0x000022c6       0x2a C:\Users\willy\DOCUME~1\ATMELS~1\7.0\QUADCO~1\QUADCO~1\QUADCO~1\ARDUIN~1\Debug\libArduinoCore.a(hooks.o)
 .debug_abbrev  0x000022f0      0x260 C:\Users\willy\DOCUME~1\ATMELS~1\7.0\QUADCO~1\QUADCO~1\QUADCO~1\ARDUIN~1\Debug\libArduinoCore.a(twi.o)

.debug_line     0x00000000     0x2eb8
 *(.debug_line .debug_line.* .debug_line_end)
 .debug_line    0x00000000      0x133 C:/Program Files (x86)/Atmel/Studio/7.0/Packs/atmel/ATmega_DFP/1.2.132/gcc/dev/atmega328p/avr5/crtatmega328p.o
 .debug_line    0x00000133      0xc53 Sketch.o
 .debug_line    0x00000d86      0x426 C:\Users\willy\DOCUME~1\ATMELS~1\7.0\QUADCO~1\QUADCO~1\QUADCO~1\ARDUIN~1\Debug\libArduinoCore.a(HardwareSerial.o)
 .debug_line    0x000011ac      0x257 C:\Users\willy\DOCUME~1\ATMELS~1\7.0\QUADCO~1\QUADCO~1\QUADCO~1\ARDUIN~1\Debug\libArduinoCore.a(HardwareSerial0.o)
 .debug_line    0x00001403      0x165 C:\Users\willy\DOCUME~1\ATMELS~1\7.0\QUADCO~1\QUADCO~1\QUADCO~1\ARDUIN~1\Debug\libArduinoCore.a(main.o)
 .debug_line    0x00001568      0x626 C:\Users\willy\DOCUME~1\ATMELS~1\7.0\QUADCO~1\QUADCO~1\QUADCO~1\ARDUIN~1\Debug\libArduinoCore.a(Print.o)
 .debug_line    0x00001b8e      0x299 C:\Users\willy\DOCUME~1\ATMELS~1\7.0\QUADCO~1\QUADCO~1\QUADCO~1\ARDUIN~1\Debug\libArduinoCore.a(wiring.o)
 .debug_line    0x00001e27      0x252 C:\Users\willy\DOCUME~1\ATMELS~1\7.0\QUADCO~1\QUADCO~1\QUADCO~1\ARDUIN~1\Debug\libArduinoCore.a(wiring_digital.o)
 .debug_line    0x00002079      0x378 C:\Users\willy\DOCUME~1\ATMELS~1\7.0\QUADCO~1\QUADCO~1\QUADCO~1\ARDUIN~1\Debug\libArduinoCore.a(Servo.o)
 .debug_line    0x000023f1      0x591 C:\Users\willy\DOCUME~1\ATMELS~1\7.0\QUADCO~1\QUADCO~1\QUADCO~1\ARDUIN~1\Debug\libArduinoCore.a(Wire.o)
 .debug_line    0x00002982       0x41 C:\Users\willy\DOCUME~1\ATMELS~1\7.0\QUADCO~1\QUADCO~1\QUADCO~1\ARDUIN~1\Debug\libArduinoCore.a(hooks.o)
 .debug_line    0x000029c3      0x4f5 C:\Users\willy\DOCUME~1\ATMELS~1\7.0\QUADCO~1\QUADCO~1\QUADCO~1\ARDUIN~1\Debug\libArduinoCore.a(twi.o)

.debug_frame    0x00000000      0xf70
 *(.debug_frame)
 .debug_frame   0x00000000      0x314 Sketch.o
 .debug_frame   0x00000314      0x110 C:\Users\willy\DOCUME~1\ATMELS~1\7.0\QUADCO~1\QUADCO~1\QUADCO~1\ARDUIN~1\Debug\libArduinoCore.a(HardwareSerial.o)
 .debug_frame   0x00000424       0xc0 C:\Users\willy\DOCUME~1\ATMELS~1\7.0\QUADCO~1\QUADCO~1\QUADCO~1\ARDUIN~1\Debug\libArduinoCore.a(HardwareSerial0.o)
 .debug_frame   0x000004e4       0x54 C:\Users\willy\DOCUME~1\ATMELS~1\7.0\QUADCO~1\QUADCO~1\QUADCO~1\ARDUIN~1\Debug\libArduinoCore.a(main.o)
 .debug_frame   0x00000538      0x38c C:\Users\willy\DOCUME~1\ATMELS~1\7.0\QUADCO~1\QUADCO~1\QUADCO~1\ARDUIN~1\Debug\libArduinoCore.a(Print.o)
 .debug_frame   0x000008c4       0xc4 C:\Users\willy\DOCUME~1\ATMELS~1\7.0\QUADCO~1\QUADCO~1\QUADCO~1\ARDUIN~1\Debug\libArduinoCore.a(wiring.o)
 .debug_frame   0x00000988       0x7c C:\Users\willy\DOCUME~1\ATMELS~1\7.0\QUADCO~1\QUADCO~1\QUADCO~1\ARDUIN~1\Debug\libArduinoCore.a(wiring_digital.o)
 .debug_frame   0x00000a04      0x1b0 C:\Users\willy\DOCUME~1\ATMELS~1\7.0\QUADCO~1\QUADCO~1\QUADCO~1\ARDUIN~1\Debug\libArduinoCore.a(Servo.o)
 .debug_frame   0x00000bb4      0x264 C:\Users\willy\DOCUME~1\ATMELS~1\7.0\QUADCO~1\QUADCO~1\QUADCO~1\ARDUIN~1\Debug\libArduinoCore.a(Wire.o)
 .debug_frame   0x00000e18       0x24 C:\Users\willy\DOCUME~1\ATMELS~1\7.0\QUADCO~1\QUADCO~1\QUADCO~1\ARDUIN~1\Debug\libArduinoCore.a(hooks.o)
 .debug_frame   0x00000e3c      0x134 C:\Users\willy\DOCUME~1\ATMELS~1\7.0\QUADCO~1\QUADCO~1\QUADCO~1\ARDUIN~1\Debug\libArduinoCore.a(twi.o)

.debug_str      0x00000000     0x2e33
 *(.debug_str)
 .debug_str     0x00000000      0x208 C:/Program Files (x86)/Atmel/Studio/7.0/Packs/atmel/ATmega_DFP/1.2.132/gcc/dev/atmega328p/avr5/crtatmega328p.o
 .debug_str     0x00000208      0xc04 Sketch.o
                                0xca4 (size before relaxing)
 .debug_str     0x00000e0c     0x12ec C:\Users\willy\DOCUME~1\ATMELS~1\7.0\QUADCO~1\QUADCO~1\QUADCO~1\ARDUIN~1\Debug\libArduinoCore.a(HardwareSerial.o)
                               0x1610 (size before relaxing)
 .debug_str     0x000020f8       0x55 C:\Users\willy\DOCUME~1\ATMELS~1\7.0\QUADCO~1\QUADCO~1\QUADCO~1\ARDUIN~1\Debug\libArduinoCore.a(HardwareSerial0.o)
                               0x13e9 (size before relaxing)
 .debug_str     0x0000214d       0x37 C:\Users\willy\DOCUME~1\ATMELS~1\7.0\QUADCO~1\QUADCO~1\QUADCO~1\ARDUIN~1\Debug\libArduinoCore.a(main.o)
                                0x2c5 (size before relaxing)
 .debug_str     0x00002184      0x377 C:\Users\willy\DOCUME~1\ATMELS~1\7.0\QUADCO~1\QUADCO~1\QUADCO~1\ARDUIN~1\Debug\libArduinoCore.a(Print.o)
                               0x120a (size before relaxing)
 .debug_str     0x000024fb      0x13d C:\Users\willy\DOCUME~1\ATMELS~1\7.0\QUADCO~1\QUADCO~1\QUADCO~1\ARDUIN~1\Debug\libArduinoCore.a(wiring.o)
                                0x25b (size before relaxing)
 .debug_str     0x00002638       0xbd C:\Users\willy\DOCUME~1\ATMELS~1\7.0\QUADCO~1\QUADCO~1\QUADCO~1\ARDUIN~1\Debug\libArduinoCore.a(wiring_digital.o)
                                0x2c0 (size before relaxing)
 .debug_str     0x000026f5      0x111 C:\Users\willy\DOCUME~1\ATMELS~1\7.0\QUADCO~1\QUADCO~1\QUADCO~1\ARDUIN~1\Debug\libArduinoCore.a(Servo.o)
                                0x4ec (size before relaxing)
 .debug_str     0x00002806      0x4c0 C:\Users\willy\DOCUME~1\ATMELS~1\7.0\QUADCO~1\QUADCO~1\QUADCO~1\ARDUIN~1\Debug\libArduinoCore.a(Wire.o)
                               0x18a2 (size before relaxing)
 .debug_str     0x00002cc6       0x1c C:\Users\willy\DOCUME~1\ATMELS~1\7.0\QUADCO~1\QUADCO~1\QUADCO~1\ARDUIN~1\Debug\libArduinoCore.a(hooks.o)
                                0x150 (size before relaxing)
 .debug_str     0x00002ce2      0x151 C:\Users\willy\DOCUME~1\ATMELS~1\7.0\QUADCO~1\QUADCO~1\QUADCO~1\ARDUIN~1\Debug\libArduinoCore.a(twi.o)
                                0x3db (size before relaxing)

.debug_loc      0x00000000     0x4b17
 *(.debug_loc)
 .debug_loc     0x00000000      0x908 Sketch.o
 .debug_loc     0x00000908      0x482 C:\Users\willy\DOCUME~1\ATMELS~1\7.0\QUADCO~1\QUADCO~1\QUADCO~1\ARDUIN~1\Debug\libArduinoCore.a(HardwareSerial.o)
 .debug_loc     0x00000d8a      0x18a C:\Users\willy\DOCUME~1\ATMELS~1\7.0\QUADCO~1\QUADCO~1\QUADCO~1\ARDUIN~1\Debug\libArduinoCore.a(HardwareSerial0.o)
 .debug_loc     0x00000f14     0x1c61 C:\Users\willy\DOCUME~1\ATMELS~1\7.0\QUADCO~1\QUADCO~1\QUADCO~1\ARDUIN~1\Debug\libArduinoCore.a(Print.o)
 .debug_loc     0x00002b75      0x28d C:\Users\willy\DOCUME~1\ATMELS~1\7.0\QUADCO~1\QUADCO~1\QUADCO~1\ARDUIN~1\Debug\libArduinoCore.a(wiring.o)
 .debug_loc     0x00002e02      0x5fc C:\Users\willy\DOCUME~1\ATMELS~1\7.0\QUADCO~1\QUADCO~1\QUADCO~1\ARDUIN~1\Debug\libArduinoCore.a(wiring_digital.o)
 .debug_loc     0x000033fe      0x75c C:\Users\willy\DOCUME~1\ATMELS~1\7.0\QUADCO~1\QUADCO~1\QUADCO~1\ARDUIN~1\Debug\libArduinoCore.a(Servo.o)
 .debug_loc     0x00003b5a      0xbd7 C:\Users\willy\DOCUME~1\ATMELS~1\7.0\QUADCO~1\QUADCO~1\QUADCO~1\ARDUIN~1\Debug\libArduinoCore.a(Wire.o)
 .debug_loc     0x00004731      0x3e6 C:\Users\willy\DOCUME~1\ATMELS~1\7.0\QUADCO~1\QUADCO~1\QUADCO~1\ARDUIN~1\Debug\libArduinoCore.a(twi.o)

.debug_macinfo
 *(.debug_macinfo)

.debug_weaknames
 *(.debug_weaknames)

.debug_funcnames
 *(.debug_funcnames)

.debug_typenames
 *(.debug_typenames)

.debug_varnames
 *(.debug_varnames)

.debug_pubtypes
 *(.debug_pubtypes)

.debug_ranges   0x00000000      0x460
 *(.debug_ranges)
 .debug_ranges  0x00000000       0x88 Sketch.o
 .debug_ranges  0x00000088       0x58 C:\Users\willy\DOCUME~1\ATMELS~1\7.0\QUADCO~1\QUADCO~1\QUADCO~1\ARDUIN~1\Debug\libArduinoCore.a(HardwareSerial.o)
 .debug_ranges  0x000000e0       0x28 C:\Users\willy\DOCUME~1\ATMELS~1\7.0\QUADCO~1\QUADCO~1\QUADCO~1\ARDUIN~1\Debug\libArduinoCore.a(HardwareSerial0.o)
 .debug_ranges  0x00000108       0x20 C:\Users\willy\DOCUME~1\ATMELS~1\7.0\QUADCO~1\QUADCO~1\QUADCO~1\ARDUIN~1\Debug\libArduinoCore.a(main.o)
 .debug_ranges  0x00000128      0x110 C:\Users\willy\DOCUME~1\ATMELS~1\7.0\QUADCO~1\QUADCO~1\QUADCO~1\ARDUIN~1\Debug\libArduinoCore.a(Print.o)
 .debug_ranges  0x00000238       0x38 C:\Users\willy\DOCUME~1\ATMELS~1\7.0\QUADCO~1\QUADCO~1\QUADCO~1\ARDUIN~1\Debug\libArduinoCore.a(wiring.o)
 .debug_ranges  0x00000270       0x28 C:\Users\willy\DOCUME~1\ATMELS~1\7.0\QUADCO~1\QUADCO~1\QUADCO~1\ARDUIN~1\Debug\libArduinoCore.a(wiring_digital.o)
 .debug_ranges  0x00000298       0x70 C:\Users\willy\DOCUME~1\ATMELS~1\7.0\QUADCO~1\QUADCO~1\QUADCO~1\ARDUIN~1\Debug\libArduinoCore.a(Servo.o)
 .debug_ranges  0x00000308       0xd8 C:\Users\willy\DOCUME~1\ATMELS~1\7.0\QUADCO~1\QUADCO~1\QUADCO~1\ARDUIN~1\Debug\libArduinoCore.a(Wire.o)
 .debug_ranges  0x000003e0       0x10 C:\Users\willy\DOCUME~1\ATMELS~1\7.0\QUADCO~1\QUADCO~1\QUADCO~1\ARDUIN~1\Debug\libArduinoCore.a(hooks.o)
 .debug_ranges  0x000003f0       0x70 C:\Users\willy\DOCUME~1\ATMELS~1\7.0\QUADCO~1\QUADCO~1\QUADCO~1\ARDUIN~1\Debug\libArduinoCore.a(twi.o)

.debug_macro
 *(.debug_macro)
OUTPUT(QuadUno.elf elf32-avr)
LOAD linker stubs
